subrat@LHPL:~/Desktop/SubrattarbuS/Developer/RE2C$ git clone https://github.com/skvadrik/re2c.git
Cloning into 're2c'...
remote: Enumerating objects: 1950, done.
remote: Counting objects: 100% (1950/1950), done.
remote: Compressing objects: 100% (564/564), done.
remote: Total 35547 (delta 1488), reused 1634 (delta 1371), pack-reused 33597
Receiving objects: 100% (35547/35547), 80.20 MiB | 777.00 KiB/s, done.
Resolving deltas: 100% (26226/26226), done.




subrat@LHPL:~/Desktop/SubrattarbuS/Developer/RE2C/re2c/re2c$ ./autogen.sh 
aclocal: warning: couldn't open directory 'm4': No such file or directory
libtoolize: putting auxiliary files in '.'.
libtoolize: copying file './ltmain.sh'
libtoolize: putting macros in AC_CONFIG_MACRO_DIRS, 'm4'.
libtoolize: copying file 'm4/libtool.m4'
libtoolize: copying file 'm4/ltoptions.m4'
libtoolize: copying file 'm4/ltsugar.m4'
libtoolize: copying file 'm4/ltversion.m4'
libtoolize: copying file 'm4/lt~obsolete.m4'
configure.ac:47: installing './compile'
configure.ac:124: installing './config.guess'
configure.ac:124: installing './config.sub'
configure.ac:2: installing './install-sh'
configure.ac:2: installing './missing'
Makefile.am: installing './depcomp'
parallel-tests: installing './test-driver'




subrat@LHPL:~/Desktop/SubrattarbuS/Developer/RE2C/re2c/re2c$ ./configure --prefix=/home/subrat/Desktop/SubrattarbuS/Developer/RE2C/Installation
checking for a BSD-compatible install... /usr/bin/install -c
checking whether build environment is sane... yes
checking for a thread-safe mkdir -p... /bin/mkdir -p
checking for gawk... gawk
checking whether make sets $(MAKE)... yes
checking whether make supports nested variables... yes
checking whether make supports nested variables... (cached) yes
checking for style of include used by make... GNU
checking for g++... g++
checking whether the C++ compiler works... yes
checking for C++ compiler default output file name... a.out
checking for suffix of executables... 
checking whether we are cross compiling... no
checking for suffix of object files... o
checking whether we are using the GNU C++ compiler... yes
checking whether g++ accepts -g... yes
checking dependency style of g++... gcc3
checking for bison... /usr/bin/bison
checking for gcc... gcc
checking whether we are using the GNU C compiler... yes
checking whether gcc accepts -g... yes
checking for gcc option to accept ISO C89... none needed
checking whether gcc understands -c and -o together... yes
checking dependency style of gcc... gcc3
checking whether we are using the GNU C++ compiler... (cached) yes
checking whether g++ accepts -g... (cached) yes
checking dependency style of g++... (cached) gcc3
checking C++ compiler flag -std=c++98... yes
checking C++ compiler flag -W... yes
checking C++ compiler flag -Wall... yes
checking C++ compiler flag -Wextra... yes
checking C++ compiler flag -Weffc++... yes
checking C++ compiler flag -pedantic... yes
checking C++ compiler flag -Wformat=2... yes
checking C++ compiler flag -Wredundant-decls... yes
checking C++ compiler flag -Wsuggest-attribute=format... yes
checking C++ compiler flag -Wconversion... yes
checking C++ compiler flag -Wsign-conversion... yes
checking C++ compiler flag -Werror=return-type... yes
checking C++ compiler flag -O2... yes
checking C++ compiler flag -Weverything... no
checking for stdint.h... yes
checking size of char... 1
checking size of short... 2
checking size of int... 4
checking size of long... 8
checking size of long long... 8
checking size of __int64... 0
checking size of void *... 8
checking size of 0l... 8
checking size of 0ll... 8
checking size of 0i8... 0
checking build system type... x86_64-pc-linux-gnu
checking host system type... x86_64-pc-linux-gnu
checking how to print strings... printf
checking for a sed that does not truncate output... /bin/sed
checking for grep that handles long lines and -e... /bin/grep
checking for egrep... /bin/grep -E
checking for fgrep... /bin/grep -F
checking for ld used by gcc... /usr/bin/ld
checking if the linker (/usr/bin/ld) is GNU ld... yes
checking for BSD- or MS-compatible name lister (nm)... /usr/bin/nm -B
checking the name lister (/usr/bin/nm -B) interface... BSD nm
checking whether ln -s works... yes
checking the maximum length of command line arguments... 1572864
checking how to convert x86_64-pc-linux-gnu file names to x86_64-pc-linux-gnu format... func_convert_file_noop
checking how to convert x86_64-pc-linux-gnu file names to toolchain format... func_convert_file_noop
checking for /usr/bin/ld option to reload object files... -r
checking for objdump... objdump
checking how to recognize dependent libraries... pass_all
checking for dlltool... no
checking how to associate runtime and link libraries... printf %s\n
checking for ar... ar
checking for archiver @FILE support... @
checking for strip... strip
checking for ranlib... ranlib
checking command to parse /usr/bin/nm -B output from gcc object... ok
checking for sysroot... no
checking for a working dd... /bin/dd
checking how to truncate binary pipes... /bin/dd bs=4096 count=1
checking for mt... mt
checking if mt is a manifest tool... no
checking how to run the C preprocessor... gcc -E
checking for ANSI C header files... yes
checking for sys/types.h... yes
checking for sys/stat.h... yes
checking for stdlib.h... yes
checking for string.h... yes
checking for memory.h... yes
checking for strings.h... yes
checking for inttypes.h... yes
checking for stdint.h... (cached) yes
checking for unistd.h... yes
checking for dlfcn.h... yes
checking for objdir... .libs
checking if gcc supports -fno-rtti -fno-exceptions... no
checking for gcc option to produce PIC... -fPIC -DPIC
checking if gcc PIC flag -fPIC -DPIC works... yes
checking if gcc static flag -static works... yes
checking if gcc supports -c -o file.o... yes
checking if gcc supports -c -o file.o... (cached) yes
checking whether the gcc linker (/usr/bin/ld -m elf_x86_64) supports shared libraries... yes
checking whether -lc should be explicitly linked in... no
checking dynamic linker characteristics... GNU/Linux ld.so
checking how to hardcode library paths into programs... immediate
checking for shl_load... no
checking for shl_load in -ldld... no
checking for dlopen... no
checking for dlopen in -ldl... yes
checking whether a program can dlopen itself... yes
checking whether a statically linked program can dlopen itself... no
checking whether stripping libraries is possible... yes
checking if libtool supports shared libraries... yes
checking whether to build shared libraries... yes
checking whether to build static libraries... yes
checking how to run the C++ preprocessor... g++ -E
checking for ld used by g++... /usr/bin/ld -m elf_x86_64
checking if the linker (/usr/bin/ld -m elf_x86_64) is GNU ld... yes
checking whether the g++ linker (/usr/bin/ld -m elf_x86_64) supports shared libraries... yes
checking for g++ option to produce PIC... -fPIC -DPIC
checking if g++ PIC flag -fPIC -DPIC works... yes
checking if g++ static flag -static works... yes
checking if g++ supports -c -o file.o... yes
checking if g++ supports -c -o file.o... (cached) yes
checking whether the g++ linker (/usr/bin/ld -m elf_x86_64) supports shared libraries... yes
checking dynamic linker characteristics... (cached) GNU/Linux ld.so
checking how to hardcode library paths into programs... immediate
checking that generated files are newer than configure... done
configure: creating ./config.status
config.status: creating Makefile
config.status: creating doc/manpage.rst
config.status: creating doc/help.rst
config.status: creating run_tests.sh
config.status: creating config.h
config.status: executing depfiles commands
config.status: executing libtool commands













subrat@LHPL:~/Desktop/SubrattarbuS/Developer/RE2C/re2c/re2c$ make
cp ./bootstrap/src/msg/help.cc src/msg/help.cc
  GEN      src/parse/parser.cc
  GEN      src/parse/lex.cc
  GEN      src/msg/ver_to_vernum.cc
  GEN      src/parse/lex_conf.cc
  GEN      src/options/parse_opts.cc
make  all-am
make[1]: Entering directory '/home/subrat/Desktop/SubrattarbuS/Developer/RE2C/re2c/re2c'
  CXX      src/main.o
  CXX      src/codegen/bitmap.o
  CXX      src/codegen/emit_action.o
  CXX      src/codegen/emit_dfa.o
  CXX      src/codegen/label.o
  CXX      src/codegen/go_construct.o
  CXX      src/codegen/go_destruct.o
  CXX      src/codegen/go_emit.o
  CXX      src/codegen/go_used_labels.o
  CXX      src/codegen/input_api.o
  CXX      src/codegen/output.o
  CXX      src/codegen/print.o
  CXX      src/options/opt.o
  CXX      src/nfa/estimate_size.o
  CXX      src/nfa/re_to_nfa.o
  CXX      src/adfa/adfa.o
  CXX      src/adfa/prepare.o
  CXX      src/debug/dump_adfa.o
  CXX      src/debug/dump_cfg.o
  CXX      src/debug/dump_dfa.o
  CXX      src/debug/dump_interf.o
  CXX      src/debug/dump_nfa.o
  CXX      src/cfg/cfg.o
  CXX      src/cfg/compact.o
  CXX      src/cfg/dce.o
  CXX      src/cfg/freeze.o
  CXX      src/cfg/interfere.o
  CXX      src/cfg/liveanal.o
  CXX      src/cfg/normalize.o
  CXX      src/cfg/optimize.o
  CXX      src/cfg/rename.o
  CXX      src/cfg/varalloc.o
  CXX      src/dfa/closure.o
  CXX      src/dfa/closure_leftmost.o
  CXX      src/dfa/closure_posix.o
  CXX      src/dfa/dead_rules.o
  CXX      src/dfa/determinization.o
  CXX      src/dfa/fallback_tags.o
  CXX      src/dfa/fillpoints.o
  CXX      src/dfa/find_state.o
  CXX      src/dfa/minimization.o
  CXX      src/dfa/posix_precedence.o
  CXX      src/dfa/tagver_table.o
  CXX      src/dfa/tcmd.o
  CXX      src/encoding/ebcdic/ebcdic_regexp.o
  CXX      src/encoding/enc.o
  CXX      src/encoding/range_suffix.o
  CXX      src/encoding/utf8/utf8_regexp.o
  CXX      src/encoding/utf8/utf8.o
  CXX      src/encoding/utf16/utf16_regexp.o
  CXX      src/encoding/utf16/utf16.o
  CXX      src/msg/msg.o
  CXX      src/msg/warn.o
  CXX      src/regexp/ast_to_re.o
  CXX      src/regexp/default_tags.o
  CXX      src/regexp/fixed_tags.o
  CXX      src/regexp/nullable.o
  CXX      src/regexp/rule.o
  CXX      src/regexp/split_charset.o
  CXX      src/regexp/tag.o
  CXX      src/compile.o
  CXX      src/skeleton/control_flow.o
  CXX      src/skeleton/generate_code.o
  CXX      src/skeleton/generate_data.o
  CXX      src/skeleton/maxpath.o
  CXX      src/skeleton/skeleton.o
  CXX      src/parse/ast.o
  CXX      src/parse/input.o
  CXX      src/parse/normalize.o
  CXX      src/parse/scanner.o
  CXX      src/parse/unescape.o
  CXX      src/parse/validate.o
  CXX      src/util/get_dir.o
  CXX      src/util/s_to_n32_unsafe.o
  CXX      src/util/range.o
  CXX      src/msg/help.o
  CXX      src/parse/lex.o
  CXX      src/parse/parser.o
src/parse/parser.cc: In function ‘int yyparse(re2c::context_t&)’:
src/parse/parser.cc:1119:12: warning: conversion to ‘yytype_int16 {aka short int}’ from ‘int’ may alter its value [-Wconversion]
   *yyssp = yystate;
            ^~~~~~~
src/parse/parser.cc:1124:38: warning: conversion to ‘long unsigned int’ from ‘long int’ may change the sign of the result [-Wsign-conversion]
       YYSIZE_T yysize = yyssp - yyss + 1;
                         ~~~~~~~~~~~~~^~~
  CXX      src/msg/ver_to_vernum.o
  CXX      src/parse/lex_conf.o
  CXX      src/options/parse_opts.o
  CXXLD    re2c
cp ./bootstrap/doc/re2c.1 doc/re2c.1
Reconfigure to rebuild docs: ./configure --enable-docs
make[1]: Leaving directory '/home/subrat/Desktop/SubrattarbuS/Developer/RE2C/re2c/re2c'
subrat@LHPL:~/Desktop/SubrattarbuS/Developer/RE2C/re2c/re2c$ ./configure --enable-docs
checking for a BSD-compatible install... /usr/bin/install -c
checking whether build environment is sane... yes
checking for a thread-safe mkdir -p... /bin/mkdir -p
checking for gawk... gawk
checking whether make sets $(MAKE)... yes
checking whether make supports nested variables... yes
checking whether make supports nested variables... (cached) yes
checking for rst2man... no
checking for rst2man.py... no
configure: error: need rst2man or rst2man.py for --enable-docs









subrat@LHPL:~/Desktop/SubrattarbuS/Developer/RE2C/re2c/re2c$ ./configure --enable-docs
checking for a BSD-compatible install... /usr/bin/install -c
checking whether build environment is sane... yes
checking for a thread-safe mkdir -p... /bin/mkdir -p
checking for gawk... gawk
checking whether make sets $(MAKE)... yes
checking whether make supports nested variables... yes
checking whether make supports nested variables... (cached) yes
checking for rst2man... no
checking for rst2man.py... no
configure: error: need rst2man or rst2man.py for --enable-docs








subrat@LHPL:~/Desktop/SubrattarbuS/Developer/RE2C/re2c/re2c$ make install
make  install-am
make[1]: Entering directory '/home/subrat/Desktop/SubrattarbuS/Developer/RE2C/re2c/re2c'
Reconfigure to rebuild docs: ./configure --enable-docs
make[2]: Entering directory '/home/subrat/Desktop/SubrattarbuS/Developer/RE2C/re2c/re2c'
 /bin/mkdir -p '/home/subrat/Desktop/SubrattarbuS/Developer/RE2C/Installation/bin'
  /bin/bash ./libtool   --mode=install /usr/bin/install -c re2c '/home/subrat/Desktop/SubrattarbuS/Developer/RE2C/Installation/bin'
libtool: install: /usr/bin/install -c re2c /home/subrat/Desktop/SubrattarbuS/Developer/RE2C/Installation/bin/re2c
 /bin/mkdir -p '/home/subrat/Desktop/SubrattarbuS/Developer/RE2C/Installation/share/man/man1'
 /usr/bin/install -c -m 644 doc/re2c.1 '/home/subrat/Desktop/SubrattarbuS/Developer/RE2C/Installation/share/man/man1'
make[2]: Leaving directory '/home/subrat/Desktop/SubrattarbuS/Developer/RE2C/re2c/re2c'
make[1]: Leaving directory '/home/subrat/Desktop/SubrattarbuS/Developer/RE2C/re2c/re2c'








subrat@LHPL:~/Desktop/SubrattarbuS/Developer/RE2C/re2c/re2c$ make bootstrap
make  all-am
make[1]: Entering directory '/home/subrat/Desktop/SubrattarbuS/Developer/RE2C/re2c/re2c'
Reconfigure to rebuild docs: ./configure --enable-docs
make[1]: Leaving directory '/home/subrat/Desktop/SubrattarbuS/Developer/RE2C/re2c/re2c'
rm src/msg/help.cc src/parse/lex.cc src/parse/parser.cc src/msg/ver_to_vernum.cc src/parse/lex_conf.cc src/options/parse_opts.cc src/parse/lex.h src/parse/parser.h
make all
make[1]: Entering directory '/home/subrat/Desktop/SubrattarbuS/Developer/RE2C/re2c/re2c'
cp ./bootstrap/src/msg/help.cc src/msg/help.cc
  GEN      src/parse/parser.cc
  GEN      src/parse/lex.cc
src/parse/lex.re:412:25: warning: rule matches empty string [-Wmatch-empty-string]
src/parse/lex.re:413:25: warning: rule matches empty string [-Wmatch-empty-string]
src/parse/lex.re:420:22: warning: rule matches empty string [-Wmatch-empty-string]
src/parse/lex.re:421:22: warning: rule matches empty string [-Wmatch-empty-string]
src/parse/lex.re:422:22: warning: rule matches empty string [-Wmatch-empty-string]
src/parse/lex.re:433:22: warning: rule matches empty string [-Wmatch-empty-string]
src/parse/lex.re:549:8: warning: rule matches empty string [-Wmatch-empty-string]
src/parse/lex.re:553:16: warning: rule matches empty string [-Wmatch-empty-string]
  GEN      src/msg/ver_to_vernum.cc
src/msg/ver_to_vernum.re:31:19: warning: tag 'p2' has 2nd degree of nondeterminism [-Wnondeterministic-tags]
src/msg/ver_to_vernum.re:31:19: warning: tag 'e2' has 2nd degree of nondeterminism [-Wnondeterministic-tags]
src/msg/ver_to_vernum.re:31:19: warning: tag 'p3' has 2nd degree of nondeterminism [-Wnondeterministic-tags]
src/msg/ver_to_vernum.re:31:19: warning: tag 'e3' has 2nd degree of nondeterminism [-Wnondeterministic-tags]
  GEN      src/parse/lex_conf.cc
src/parse/lex_conf.re:173:20: warning: rule matches empty string [-Wmatch-empty-string]
src/parse/lex_conf.re:293:7: warning: rule matches empty string [-Wmatch-empty-string]
  GEN      src/options/parse_opts.cc
make  all-am
make[2]: Entering directory '/home/subrat/Desktop/SubrattarbuS/Developer/RE2C/re2c/re2c'
  CXX      src/main.o
  CXX      src/compile.o
  CXX      src/parse/input.o
  CXX      src/parse/scanner.o
  CXX      src/parse/validate.o
  CXX      src/msg/help.o
  CXX      src/parse/lex.o
  CXX      src/parse/parser.o
src/parse/parser.cc: In function ‘int yyparse(re2c::context_t&)’:
src/parse/parser.cc:1119:12: warning: conversion to ‘yytype_int16 {aka short int}’ from ‘int’ may alter its value [-Wconversion]
   *yyssp = yystate;
            ^~~~~~~
src/parse/parser.cc:1124:38: warning: conversion to ‘long unsigned int’ from ‘long int’ may change the sign of the result [-Wsign-conversion]
       YYSIZE_T yysize = yyssp - yyss + 1;
                         ~~~~~~~~~~~~~^~~
  CXX      src/msg/ver_to_vernum.o
  CXX      src/parse/lex_conf.o
  CXX      src/options/parse_opts.o
  CXXLD    re2c
Reconfigure to rebuild docs: ./configure --enable-docs
make[2]: Leaving directory '/home/subrat/Desktop/SubrattarbuS/Developer/RE2C/re2c/re2c'
make[1]: Leaving directory '/home/subrat/Desktop/SubrattarbuS/Developer/RE2C/re2c/re2c'



































